
MODERROR "Error" "file is undefined - could not get key from mainobject keys (keypath: users,408941743,channels,195501809, noreject: undefined)" "Error: file is undefined - could not get key from mainobject keys (keypath: users,408941743,channels,195501809, noreject: undefined)\n    at /mnt/sda3/Programming/Twitch/modlookup/node_modules/@jubewe/jsonsplitter/lib/splitter/jsonsplitter.js:384:27\n    at process.processTicksAndRejections (node:internal/process/task_queues:95:5)"
MODERROR "Error" "could not add key (path = keypath) to file (keypath: users,123808112, noreject: undefined)" "Error: could not add key (path = keypath) to file (keypath: users,123808112, noreject: undefined)\n    at /mnt/sda3/Programming/Twitch/modlookup/node_modules/@jubewe/jsonsplitter/lib/splitter/jsonsplitter.js:349:39\n    at process.processTicksAndRejections (node:internal/process/task_queues:95:5)"
MODERROR "Error" "could not add key (path = keypath) to file (keypath: users,136777250, noreject: undefined)" "Error: could not add key (path = keypath) to file (keypath: users,136777250, noreject: undefined)\n    at /mnt/sda3/Programming/Twitch/modlookup/node_modules/@jubewe/jsonsplitter/lib/splitter/jsonsplitter.js:349:39\n    at process.processTicksAndRejections (node:internal/process/task_queues:95:5)"
MODERROR "Error" "could not add key (path = keypath) to file (keypath: users,40532655, noreject: undefined)" "Error: could not add key (path = keypath) to file (keypath: users,40532655, noreject: undefined)\n    at /mnt/sda3/Programming/Twitch/modlookup/node_modules/@jubewe/jsonsplitter/lib/splitter/jsonsplitter.js:349:39\n    at process.processTicksAndRejections (node:internal/process/task_queues:95:5)"
MODERROR "Error" "could not add key (path = keypath) to file (keypath: users,54645110, noreject: undefined)" "Error: could not add key (path = keypath) to file (keypath: users,54645110, noreject: undefined)\n    at /mnt/sda3/Programming/Twitch/modlookup/node_modules/@jubewe/jsonsplitter/lib/splitter/jsonsplitter.js:349:39\n    at process.processTicksAndRejections (node:internal/process/task_queues:95:5)"
MODERROR "Error" "could not add key (path = keypath) to file (keypath: users,162065965, noreject: undefined)" "Error: could not add key (path = keypath) to file (keypath: users,162065965, noreject: undefined)\n    at /mnt/sda3/Programming/Twitch/modlookup/node_modules/@jubewe/jsonsplitter/lib/splitter/jsonsplitter.js:349:39\n    at process.processTicksAndRejections (node:internal/process/task_queues:95:5)"
MODERROR "Error" "could not add key (path = keypath) to file (keypath: users,134976280, noreject: undefined)" "Error: could not add key (path = keypath) to file (keypath: users,134976280, noreject: undefined)\n    at /mnt/sda3/Programming/Twitch/modlookup/node_modules/@jubewe/jsonsplitter/lib/splitter/jsonsplitter.js:349:39\n    at process.processTicksAndRejections (node:internal/process/task_queues:95:5)"
MODERROR "Error" "could not add key (path = keypath) to file (keypath: users,864129831, noreject: undefined)" "Error: could not add key (path = keypath) to file (keypath: users,864129831, noreject: undefined)\n    at /mnt/sda3/Programming/Twitch/modlookup/node_modules/@jubewe/jsonsplitter/lib/splitter/jsonsplitter.js:349:39\n    at process.processTicksAndRejections (node:internal/process/task_queues:95:5)"
MODERROR "Error" "could not add key (path = keypath) to file (keypath: users,487855188, noreject: undefined)" "Error: could not add key (path = keypath) to file (keypath: users,487855188, noreject: undefined)\n    at /mnt/sda3/Programming/Twitch/modlookup/node_modules/@jubewe/jsonsplitter/lib/splitter/jsonsplitter.js:349:39\n    at process.processTicksAndRejections (node:internal/process/task_queues:95:5)"
MODERROR "Error" "file is undefined - could not get key from mainobject keys (keypath: users,487855188,channels,127793554, noreject: undefined)" "Error: file is undefined - could not get key from mainobject keys (keypath: users,487855188,channels,127793554, noreject: undefined)\n    at /mnt/sda3/Programming/Twitch/modlookup/node_modules/@jubewe/jsonsplitter/lib/splitter/jsonsplitter.js:384:27\n    at process.processTicksAndRejections (node:internal/process/task_queues:95:5)"
MODERROR "Error" "could not add key (path = keypath) to file (keypath: users,110846305, noreject: undefined)" "Error: could not add key (path = keypath) to file (keypath: users,110846305, noreject: undefined)\n    at /mnt/sda3/Programming/Twitch/modlookup/node_modules/@jubewe/jsonsplitter/lib/splitter/jsonsplitter.js:349:39\n    at process.processTicksAndRejections (node:internal/process/task_queues:95:5)"
MODERROR "Error" "could not add key (path = keypath) to file (keypath: users,543465636, noreject: undefined)" "Error: could not add key (path = keypath) to file (keypath: users,543465636, noreject: undefined)\n    at /mnt/sda3/Programming/Twitch/modlookup/node_modules/@jubewe/jsonsplitter/lib/splitter/jsonsplitter.js:349:39\n    at process.processTicksAndRejections (node:internal/process/task_queues:95:5)"
MODERROR "Error" "could not add key (path = keypath) to file (keypath: users,262255816, noreject: undefined)" "Error: could not add key (path = keypath) to file (keypath: users,262255816, noreject: undefined)\n    at /mnt/sda3/Programming/Twitch/modlookup/node_modules/@jubewe/jsonsplitter/lib/splitter/jsonsplitter.js:349:39\n    at process.processTicksAndRejections (node:internal/process/task_queues:95:5)"
MODERROR "Error" "could not add key (path = keypath) to file (keypath: users,845179062, noreject: undefined)" "Error: could not add key (path = keypath) to file (keypath: users,845179062, noreject: undefined)\n    at /mnt/sda3/Programming/Twitch/modlookup/node_modules/@jubewe/jsonsplitter/lib/splitter/jsonsplitter.js:349:39\n    at process.processTicksAndRejections (node:internal/process/task_queues:95:5)"
MODERROR "Error" "could not add key (path = keypath) to file (keypath: users,87120320, noreject: undefined)" "Error: could not add key (path = keypath) to file (keypath: users,87120320, noreject: undefined)\n    at /mnt/sda3/Programming/Twitch/modlookup/node_modules/@jubewe/jsonsplitter/lib/splitter/jsonsplitter.js:349:39\n    at process.processTicksAndRejections (node:internal/process/task_queues:95:5)"
MODERROR "Error" "could not add key (path = keypath) to file (keypath: users,584364359, noreject: undefined)" "Error: could not add key (path = keypath) to file (keypath: users,584364359, noreject: undefined)\n    at /mnt/sda3/Programming/Twitch/modlookup/node_modules/@jubewe/jsonsplitter/lib/splitter/jsonsplitter.js:349:39\n    at process.processTicksAndRejections (node:internal/process/task_queues:95:5)"
MODERROR "Error" "could not add key (path = keypath) to file (keypath: users,104729045, noreject: undefined)" "Error: could not add key (path = keypath) to file (keypath: users,104729045, noreject: undefined)\n    at /mnt/sda3/Programming/Twitch/modlookup/node_modules/@jubewe/jsonsplitter/lib/splitter/jsonsplitter.js:349:39\n    at process.processTicksAndRejections (node:internal/process/task_queues:95:5)"
MODERROR "Error" "file is undefined - could not get key from mainobject keys (keypath: users,104729045,channels,144500469, noreject: undefined)" "Error: file is undefined - could not get key from mainobject keys (keypath: users,104729045,channels,144500469, noreject: undefined)\n    at /mnt/sda3/Programming/Twitch/modlookup/node_modules/@jubewe/jsonsplitter/lib/splitter/jsonsplitter.js:384:27\n    at process.processTicksAndRejections (node:internal/process/task_queues:95:5)"
MODERROR "Error" "could not add key (path = keypath) to file (keypath: users,51216929, noreject: undefined)" "Error: could not add key (path = keypath) to file (keypath: users,51216929, noreject: undefined)\n    at /mnt/sda3/Programming/Twitch/modlookup/node_modules/@jubewe/jsonsplitter/lib/splitter/jsonsplitter.js:349:39\n    at process.processTicksAndRejections (node:internal/process/task_queues:95:5)"
MODERROR "Error" "file is undefined - could not get key from mainobject keys (keypath: users,487855188,channels,127793554, noreject: undefined)" "Error: file is undefined - could not get key from mainobject keys (keypath: users,487855188,channels,127793554, noreject: undefined)\n    at /mnt/sda3/Programming/Twitch/modlookup/node_modules/@jubewe/jsonsplitter/lib/splitter/jsonsplitter.js:384:27\n    at process.processTicksAndRejections (node:internal/process/task_queues:95:5)"
MODERROR "Error" "file is undefined - could not get key from mainobject keys (keypath: users,543465636,channels,664253628, noreject: undefined)" "Error: file is undefined - could not get key from mainobject keys (keypath: users,543465636,channels,664253628, noreject: undefined)\n    at /mnt/sda3/Programming/Twitch/modlookup/node_modules/@jubewe/jsonsplitter/lib/splitter/jsonsplitter.js:384:27\n    at process.processTicksAndRejections (node:internal/process/task_queues:95:5)"
MODERROR "Error" "could not add key (path = keypath) to file (keypath: users,538289102, noreject: undefined)" "Error: could not add key (path = keypath) to file (keypath: users,538289102, noreject: undefined)\n    at /mnt/sda3/Programming/Twitch/modlookup/node_modules/@jubewe/jsonsplitter/lib/splitter/jsonsplitter.js:349:39\n    at process.processTicksAndRejections (node:internal/process/task_queues:95:5)"
MODERROR "Error" "could not add key (path = keypath) to file (keypath: users,807190525, noreject: undefined)" "Error: could not add key (path = keypath) to file (keypath: users,807190525, noreject: undefined)\n    at /mnt/sda3/Programming/Twitch/modlookup/node_modules/@jubewe/jsonsplitter/lib/splitter/jsonsplitter.js:349:39\n    at process.processTicksAndRejections (node:internal/process/task_queues:95:5)"
MODERROR "Error" "file is undefined - could not get key from mainobject keys (keypath: users,538289102,channels,443209877, noreject: undefined)" "Error: file is undefined - could not get key from mainobject keys (keypath: users,538289102,channels,443209877, noreject: undefined)\n    at /mnt/sda3/Programming/Twitch/modlookup/node_modules/@jubewe/jsonsplitter/lib/splitter/jsonsplitter.js:384:27\n    at process.processTicksAndRejections (node:internal/process/task_queues:95:5)"
MODERROR "Error" "could not add key (path = keypath) to file (keypath: users,86344451, noreject: undefined)" "Error: could not add key (path = keypath) to file (keypath: users,86344451, noreject: undefined)\n    at /mnt/sda3/Programming/Twitch/modlookup/node_modules/@jubewe/jsonsplitter/lib/splitter/jsonsplitter.js:349:39\n    at process.processTicksAndRejections (node:internal/process/task_queues:95:5)"
MODERROR "Error" "could not add key (path = keypath) to file (keypath: users,157633805, noreject: undefined)" "Error: could not add key (path = keypath) to file (keypath: users,157633805, noreject: undefined)\n    at /mnt/sda3/Programming/Twitch/modlookup/node_modules/@jubewe/jsonsplitter/lib/splitter/jsonsplitter.js:349:39\n    at process.processTicksAndRejections (node:internal/process/task_queues:95:5)"
MODERROR "Error" "file is undefined - could not get key from mainobject keys (keypath: users,543465636,channels,664253628, noreject: undefined)" "Error: file is undefined - could not get key from mainobject keys (keypath: users,543465636,channels,664253628, noreject: undefined)\n    at /mnt/sda3/Programming/Twitch/modlookup/node_modules/@jubewe/jsonsplitter/lib/splitter/jsonsplitter.js:384:27\n    at process.processTicksAndRejections (node:internal/process/task_queues:95:5)"
MODERROR "Error" "could not add key (path = keypath) to file (keypath: users,40427136, noreject: undefined)" "Error: could not add key (path = keypath) to file (keypath: users,40427136, noreject: undefined)\n    at /mnt/sda3/Programming/Twitch/modlookup/node_modules/@jubewe/jsonsplitter/lib/splitter/jsonsplitter.js:349:39\n    at process.processTicksAndRejections (node:internal/process/task_queues:95:5)"
MODERROR "Error" "could not add key (path = keypath) to file (keypath: users,678694609, noreject: undefined)" "Error: could not add key (path = keypath) to file (keypath: users,678694609, noreject: undefined)\n    at /mnt/sda3/Programming/Twitch/modlookup/node_modules/@jubewe/jsonsplitter/lib/splitter/jsonsplitter.js:349:39\n    at process.processTicksAndRejections (node:internal/process/task_queues:95:5)"
MODERROR "Error" "could not add key (path = keypath) to file (keypath: users,560800659, noreject: undefined)" "Error: could not add key (path = keypath) to file (keypath: users,560800659, noreject: undefined)\n    at /mnt/sda3/Programming/Twitch/modlookup/node_modules/@jubewe/jsonsplitter/lib/splitter/jsonsplitter.js:349:39\n    at process.processTicksAndRejections (node:internal/process/task_queues:95:5)"
MODERROR "Error" "could not add key (path = keypath) to file (keypath: users,116306016, noreject: undefined)" "Error: could not add key (path = keypath) to file (keypath: users,116306016, noreject: undefined)\n    at /mnt/sda3/Programming/Twitch/modlookup/node_modules/@jubewe/jsonsplitter/lib/splitter/jsonsplitter.js:349:39\n    at process.processTicksAndRejections (node:internal/process/task_queues:95:5)"
MODERROR "Error" "could not add key (path = keypath) to file (keypath: users,547018132, noreject: undefined)" "Error: could not add key (path = keypath) to file (keypath: users,547018132, noreject: undefined)\n    at /mnt/sda3/Programming/Twitch/modlookup/node_modules/@jubewe/jsonsplitter/lib/splitter/jsonsplitter.js:349:39\n    at process.processTicksAndRejections (node:internal/process/task_queues:95:5)"
MODERROR "Error" "could not add key (path = keypath) to file (keypath: users,520326331, noreject: undefined)" "Error: could not add key (path = keypath) to file (keypath: users,520326331, noreject: undefined)\n    at /mnt/sda3/Programming/Twitch/modlookup/node_modules/@jubewe/jsonsplitter/lib/splitter/jsonsplitter.js:349:39\n    at process.processTicksAndRejections (node:internal/process/task_queues:95:5)"
MODERROR "Error" "file is undefined - could not get key from mainobject keys (keypath: users,40532655,channels,598888396, noreject: undefined)" "Error: file is undefined - could not get key from mainobject keys (keypath: users,40532655,channels,598888396, noreject: undefined)\n    at /mnt/sda3/Programming/Twitch/modlookup/node_modules/@jubewe/jsonsplitter/lib/splitter/jsonsplitter.js:384:27\n    at process.processTicksAndRejections (node:internal/process/task_queues:95:5)"
MODERROR "Error" "file is undefined - could not get key from mainobject keys (keypath: users,520326331,channels,719582046, noreject: undefined)" "Error: file is undefined - could not get key from mainobject keys (keypath: users,520326331,channels,719582046, noreject: undefined)\n    at /mnt/sda3/Programming/Twitch/modlookup/node_modules/@jubewe/jsonsplitter/lib/splitter/jsonsplitter.js:384:27\n    at process.processTicksAndRejections (node:internal/process/task_queues:95:5)"
MODERROR "Error" "could not add key (path = keypath) to file (keypath: users,432717536, noreject: undefined)" "Error: could not add key (path = keypath) to file (keypath: users,432717536, noreject: undefined)\n    at /mnt/sda3/Programming/Twitch/modlookup/node_modules/@jubewe/jsonsplitter/lib/splitter/jsonsplitter.js:349:39\n    at process.processTicksAndRejections (node:internal/process/task_queues:95:5)"
MODERROR "Error" "file is undefined - could not get key from mainobject keys (keypath: users,520326331,channels,719582046, noreject: undefined)" "Error: file is undefined - could not get key from mainobject keys (keypath: users,520326331,channels,719582046, noreject: undefined)\n    at /mnt/sda3/Programming/Twitch/modlookup/node_modules/@jubewe/jsonsplitter/lib/splitter/jsonsplitter.js:384:27\n    at process.processTicksAndRejections (node:internal/process/task_queues:95:5)"
MODERROR "Error" "could not add key (path = keypath) to file (keypath: users,194270744, noreject: undefined)" "Error: could not add key (path = keypath) to file (keypath: users,194270744, noreject: undefined)\n    at /mnt/sda3/Programming/Twitch/modlookup/node_modules/@jubewe/jsonsplitter/lib/splitter/jsonsplitter.js:349:39\n    at process.processTicksAndRejections (node:internal/process/task_queues:95:5)"
MODERROR "Error" "could not add key (path = keypath) to file (keypath: users,773206816, noreject: undefined)" "Error: could not add key (path = keypath) to file (keypath: users,773206816, noreject: undefined)\n    at /mnt/sda3/Programming/Twitch/modlookup/node_modules/@jubewe/jsonsplitter/lib/splitter/jsonsplitter.js:349:39\n    at process.processTicksAndRejections (node:internal/process/task_queues:95:5)"
MODERROR "Error" "could not add key (path = keypath) to file (keypath: users,192042385, noreject: undefined)" "Error: could not add key (path = keypath) to file (keypath: users,192042385, noreject: undefined)\n    at /mnt/sda3/Programming/Twitch/modlookup/node_modules/@jubewe/jsonsplitter/lib/splitter/jsonsplitter.js:349:39\n    at process.processTicksAndRejections (node:internal/process/task_queues:95:5)"
MODERROR "Error" "could not add key (path = keypath) to file (keypath: users,159907846, noreject: undefined)" "Error: could not add key (path = keypath) to file (keypath: users,159907846, noreject: undefined)\n    at /mnt/sda3/Programming/Twitch/modlookup/node_modules/@jubewe/jsonsplitter/lib/splitter/jsonsplitter.js:349:39\n    at process.processTicksAndRejections (node:internal/process/task_queues:95:5)"
MODERROR "Error" "could not add key (path = keypath) to file (keypath: users,627304312, noreject: undefined)" "Error: could not add key (path = keypath) to file (keypath: users,627304312, noreject: undefined)\n    at /mnt/sda3/Programming/Twitch/modlookup/node_modules/@jubewe/jsonsplitter/lib/splitter/jsonsplitter.js:349:39\n    at process.processTicksAndRejections (node:internal/process/task_queues:95:5)"
MODERROR "Error" "could not add key (path = keypath) to file (keypath: users,725548151, noreject: undefined)" "Error: could not add key (path = keypath) to file (keypath: users,725548151, noreject: undefined)\n    at /mnt/sda3/Programming/Twitch/modlookup/node_modules/@jubewe/jsonsplitter/lib/splitter/jsonsplitter.js:349:39\n    at process.processTicksAndRejections (node:internal/process/task_queues:95:5)"
MODERROR "Error" "file is undefined - could not get key from mainobject keys (keypath: users,584364359,channels,270736733, noreject: undefined)" "Error: file is undefined - could not get key from mainobject keys (keypath: users,584364359,channels,270736733, noreject: undefined)\n    at /mnt/sda3/Programming/Twitch/modlookup/node_modules/@jubewe/jsonsplitter/lib/splitter/jsonsplitter.js:384:27\n    at process.processTicksAndRejections (node:internal/process/task_queues:95:5)"
MODERROR "Error" "could not add key (path = keypath) to file (keypath: users,91642630, noreject: undefined)" "Error: could not add key (path = keypath) to file (keypath: users,91642630, noreject: undefined)\n    at /mnt/sda3/Programming/Twitch/modlookup/node_modules/@jubewe/jsonsplitter/lib/splitter/jsonsplitter.js:349:39\n    at process.processTicksAndRejections (node:internal/process/task_queues:95:5)"
MODERROR "Error" "file is undefined - could not get key from mainobject keys (keypath: users,194270744,channels,233632875, noreject: undefined)" "Error: file is undefined - could not get key from mainobject keys (keypath: users,194270744,channels,233632875, noreject: undefined)\n    at /mnt/sda3/Programming/Twitch/modlookup/node_modules/@jubewe/jsonsplitter/lib/splitter/jsonsplitter.js:384:27\n    at process.processTicksAndRejections (node:internal/process/task_queues:95:5)"
MODERROR "Error" "could not add key (path = keypath) to file (keypath: users,30758517, noreject: undefined)" "Error: could not add key (path = keypath) to file (keypath: users,30758517, noreject: undefined)\n    at /mnt/sda3/Programming/Twitch/modlookup/node_modules/@jubewe/jsonsplitter/lib/splitter/jsonsplitter.js:349:39\n    at process.processTicksAndRejections (node:internal/process/task_queues:95:5)"
MODERROR "Error" "file is undefined - could not get key from mainobject keys (keypath: users,584364359,channels,270736733, noreject: undefined)" "Error: file is undefined - could not get key from mainobject keys (keypath: users,584364359,channels,270736733, noreject: undefined)\n    at /mnt/sda3/Programming/Twitch/modlookup/node_modules/@jubewe/jsonsplitter/lib/splitter/jsonsplitter.js:384:27\n    at process.processTicksAndRejections (node:internal/process/task_queues:95:5)"
MODERROR "Error" "could not add key (path = keypath) to file (keypath: users,456173488, noreject: undefined)" "Error: could not add key (path = keypath) to file (keypath: users,456173488, noreject: undefined)\n    at /mnt/sda3/Programming/Twitch/modlookup/node_modules/@jubewe/jsonsplitter/lib/splitter/jsonsplitter.js:349:39\n    at process.processTicksAndRejections (node:internal/process/task_queues:95:5)"
MODERROR "Error" "file is undefined - could not get key from mainobject keys (keypath: users,54645110,channels,152489477, noreject: undefined)" "Error: file is undefined - could not get key from mainobject keys (keypath: users,54645110,channels,152489477, noreject: undefined)\n    at /mnt/sda3/Programming/Twitch/modlookup/node_modules/@jubewe/jsonsplitter/lib/splitter/jsonsplitter.js:384:27\n    at process.processTicksAndRejections (node:internal/process/task_queues:95:5)"
MODERROR "Error" "could not add key (path = keypath) to file (keypath: users,649280037, noreject: undefined)" "Error: could not add key (path = keypath) to file (keypath: users,649280037, noreject: undefined)\n    at /mnt/sda3/Programming/Twitch/modlookup/node_modules/@jubewe/jsonsplitter/lib/splitter/jsonsplitter.js:349:39\n    at process.processTicksAndRejections (node:internal/process/task_queues:95:5)"